// Jest Snapshot v1, https://goo.gl/fbAQLP

exports[`Basic render snapshot test 1`] = `
<Row
  bsClass="row"
  componentClass="div"
>
  <Col
    bsClass="col"
    className="alert alert-danger"
    componentClass="div"
  >
    errormessage
  </Col>
  <form
    onSubmit={[Function]}
  >
    <Col
      bsClass="col"
      componentClass="div"
      lg={5}
      sm={6}
      xs={12}
    >
      <Field
        field="password"
        id="password"
        placeholder="Jouw nieuwe wachtwoord"
        type="password"
      />
    </Col>
    <Col
      bsClass="col"
      componentClass="div"
      lg={5}
      sm={6}
      xs={12}
    >
      <button
        className="btn btn-primary btn-block"
        id="passwordSubmitButton"
        onClick={[Function]}
        type="submit"
      >
        Opslaan
      </button>
    </Col>
  </form>
</Row>
`;
