// Jest Snapshot v1, https://goo.gl/fbAQLP

exports[`Basic render snapshot test 1`] = `
<div
  id="page-reset-password"
>
  <HelmetWrapper
    title="Mijn Account | Wachtwoord wijzigen"
  />
  <Grid
    bsClass="container"
    componentClass="div"
    fluid={true}
  >
    <Row
      bsClass="row"
      componentClass="div"
    >
      <Col
        bsClass="col"
        componentClass="div"
        xs={12}
      >
        <PageTitle>
          Nieuw wachtwoord instellen
        </PageTitle>
      </Col>
    </Row>
    <Row
      bsClass="row"
      componentClass="div"
    >
      <Col
        bsClass="col"
        componentClass="div"
        xs={12}
      >
        <p>
          Kies een nieuw wachtwoord voor je Tippiq 
          <span
            className="text-primary"
          >
            Account
          </span>
          .
        </p>
        <br />
      </Col>
    </Row>
    <Row
      bsClass="row"
      componentClass="div"
    >
      <Col
        bsClass="col"
        componentClass="div"
        xs={12}
      >
        <ConnectedForm
          errorMessage=""
          onSubmit={[Function]}
        />
      </Col>
    </Row>
  </Grid>
</div>
`;
